
Query: top 5 artistas mas escuchados
--------------------------------------------------
Status: 200
Group By: ['artist_name']
Limit: 5
Columns: ['artist_name', 'count']
Results (5 rows):
  1. ['Bad Bunny', 1550]
  2. ['Peso Pluma', 1107]
  3. ['Natanael Cano', 728]
  4. ['Deftones', 593]
  5. ['Fuerza Regida', 558]

Response: Los 5 artistas mßs escuchados son: Bad Bunny (1550 reproducciones), Peso Pluma (1107 reproducciones), Natanael Cano (728 reproducciones), Deftones (59...

Query: top 10 canciones mas escuchadas
--------------------------------------------------
Status: 200
Group By: ['track_name']
Limit: 10
Columns: ['track_name', 'count']
Results (10 rows):
  1. ['Olas del Mar para Relajarse, Pt. 01', 252]
  2. ['KLOuFRENS', 136]
  3. ['TURiSTA', 106]
  4. ['Marlboro Rojo', 97]
  5. ['Cholo 7', 88]

Response: Las 10 canciones mßs escuchadas son: "Olas del Mar para Relajarse, Pt. 01" (252 reproducciones), "KLOuFRENS" (136), "TURiSTA" (106), "Marlboro Rojo" (...

Query: cuantas canciones escuche
--------------------------------------------------
Status: 200
Group By: N/A
Limit: N/A
Columns: ['total_plays']
Results (1 rows):
  1. [13804]

Response: Escuchaste 13,804 canciones....
